cmd.exe : Traceback (most recent call last):
At line:1 char:93
+ ... TTP_PROXY); cmd.exe /c dist\WhisperSubtitler\WhisperSubtitler.exe --d ...
+                 ~~~~~~~~~~~~~~~~~~~~~~~~~~~~~~~~~~~~~~~~~~~~~~~~~~~~~~~~~
    + CategoryInfo          : NotSpecified: (Traceback (most recent call last)::String) [], RemoteException
    + FullyQualifiedErrorId : NativeCommandError
 
  File "app.py", line 40, in <module>
    import torchaudio
ModuleNotFoundError: No module named 'torchaudio'
